{
    "samples": [
        {
            "postChainTx": {
                "headId": "1148bdacb56300cecafb60e5984c5a20",
                "headParameters": {
                    "contestationPeriod": 2592000,
                    "parties": [
                        {
                            "vkey": "c603cc9b56a321e46766221ae109bc1cd8839f334d5655dabe7a0f7e55026a8a"
                        },
                        {
                            "vkey": "8ab6dda3fbd92fc8d1677f567caed812fd23937a18b23b6504255b0a0e7f3eb8"
                        },
                        {
                            "vkey": "684c8a8d7a9d164b29b3901a47e03783af9084eb9da7c07facf128e64a959cce"
                        },
                        {
                            "vkey": "81ef4064815428c717712fcf9583dd5b300eddfc498c4f570f111ae4c8446409"
                        },
                        {
                            "vkey": "5a8f22f40ca50360fc5fd028e9e3f090013444b18f33af10074dc0b0134ac8bf"
                        },
                        {
                            "vkey": "1ffc2054caee194c0ebf8cf45fdd2708faf36262fcd0e327460b08a1eb7f69c0"
                        },
                        {
                            "vkey": "f1b218cc0b349f781143fe32c99958c6670e192351d6fa0513557e23017bcdfa"
                        },
                        {
                            "vkey": "1b1237262a995479d792dfa45404819eff03ee40b3c81487d868b4d2e28654e9"
                        }
                    ]
                },
                "signatures": {
                    "multiSignature": [
                        "ddae19c82a2260cfd0264e92b961421a29ca0d8179bf425214c51c420ece5d501fe0273b3611863e110967aeb2622d982de1c65644125776837e9398e78e6a0b",
                        "a228e24000cf47532cadd315592b9162c1e659cb2d61622772cf90aea69f671c143dbf6bdd567ec185877455976b3893ff66c491bb5d46b5a21cfcf3bc52bd00",
                        "967bb6b69a90f011379c96aa11d9ecd1d3c5cd13516c9462f2e8d64d3bfd519a2726b3176f7468fcf329c4254a117378b277357fd8a0e58619c8baa946e42301",
                        "436ef3c0500b02bead47c505921634df40207a0ecfff113cb5b501ec317e26ff6c20fbde760a0ab6c5343706f3669b1bdc88c6a865b289de5c4a1704540fc702",
                        "ed454637f4ca3a1c87e0512dc74742b7c3891c1d07f41c13146753f6f12188889e4bc5006863b292c0067ed6f0e8d28123c0b3949e4e85d285bc424242f5df08",
                        "ca28527126be5dafcb52f19ba7b3ee3e11bf303c3b0aa2519c10047426af0712b30534abf41a4f40c47a8098bf8802c45e1934590c1969d3e2ebaa7c5ab9db08",
                        "d9a3785314e788978d96de1accf086dd9f1f66504bc68f97397f9234978dce613fd0c753369e1fcb967bf2c94879f3e49c041d2d10966ac775797dcb5c5c5506",
                        "7acab444de76779b97799bd1a6c66230b7b2f91aeca6b8dbd7aa38b5c96c4af921581634ff448cb61f3c2d4751abe1731a0f05bba225ae03a3c84183214a9c07",
                        "be39b26e193a98a6e6397d6b5ae17a041ac4bdb9761e17d851b2ef3b6d968312b3d70aed8e459fdf518e27cb3cbbed76a46c4cdd60b55401c0be2c1dfc2fe307",
                        "83c19e3117272a47c31935b7f6f1af32249f3f039497d6560186bce03bdfc35256c506d44dd822fc3f2806f1d66bdfb7a29d66a4f9765a40aa9e13b055f8ad08",
                        "ebcd1afd66bdbe68c27d155ce1ea6aec9e5ae1a8357f76501201bc72b29b787112587fae958875521ada1c61a7411458c33432cb80ad69e564f0fb9290f02d04",
                        "3713509ff2f1f94a21b706cc60f602f49670ce11ac10796c43166b914f425b216202913a6716d2170bbea8b2da07b9be146f3f67ab7baa10e00486d5fe8e7d04",
                        "a23213cf418c51608a4a3a5c8f55723511624bd853e5e7fec0d3c79af6506952b3b8dfc0572c056edaf6be450b3ca64169e6c4fb9481e72c806f2bc6905e0001",
                        "fe0bd7615b331f64061c993a2bea7b1542cb5588ab65419186c42e553bd90f56c5f2e9d804dd2a5bf11a285d52aded4a115ba98103f48adecd3cadea4bf81c05",
                        "cfb1d9f28f922cb141eebf1a8dab93c3fd48b5a4f77f4108f4ebde84b176d6c4f439ccb53446bf9d6fceb130dc972beec87db0b63d841843f50fe70376b1f100",
                        "51b7175624cfd628d95354072e23ef7f757f8948fe74364a3d2e87bfe0f9f2c0a38bf32cae72f446d541dbd302bd7253f04ce181d8f2b2441fb6312f14f99d01",
                        "67427142b5ba543c842fe720f72b61022d80bdf9a86fee0338dc3464d193951db8b560fc60ddf5edeb49a5e6f0f2e2ed9485062ac18ff986f23ca3b4e6505a0b",
                        "cd4aa4cc35ab50897549a1b1ea9739e7e1a512c322174bd4589e3103e4a51d7bce198f944ba1116d84cce6f5f28782e5b452fb447f49f693e1fe9935d6395e02",
                        "a21142ce9455827f87e36227e9f2a72de4f255db633d7d0e9c996b532efd17b4980cbc51ad61b9654aaac1cda217c0ce58fa0310ed8740982e7faf11c32a5205",
                        "efa28a5f400794cc97c7bcf012151ed48709698256baf347d61d736651adaac209f53124aeb71a7cfaff90df79abe54c7a20d39a0520cfdf3b5e57ca04da790e",
                        "1994381eda1dc3594779515c0720a8305aa35f1a149e3e5e5b55fee4cb02c80182d551bf50789c1f83e5ecfbe03aa769fc8cd600501f1afe6b3e5728eef5ee0d",
                        "a8ba1e1039f04e1c33b180dcdfc513d651e5768e8c7a2106b9abadf1b48e155609da2e017423a0b3c87aad42e2923c42fdd24bfd67916b84c69317c2e434d602",
                        "459db621fc630d9a038e711aa3aa1e350b942011b2c772cbe076c18412922b48d3252687cd2d59f9963fce1ca13015b084a856958638a6b28908836822c40908",
                        "d47f5db3a293bb99ebd5917c7d11a990f59649f41475a15ff82c2471099fd2d89a33f365594f71d44cbdeba3a2ceb2f8b27784d85f0780f0a2548f465aa00d06"
                    ]
                },
                "snapshot": {
                    "confirmedTransactions": [
                        -11,
                        -29,
                        6,
                        -18,
                        21,
                        19,
                        22,
                        15,
                        20,
                        -27,
                        22,
                        -18,
                        22,
                        -13,
                        23,
                        -14
                    ],
                    "headId": "84b7648a8cf0054963d3b096f90fd01a",
                    "snapshotNumber": 21,
                    "utxo": [
                        -29,
                        -28,
                        -23,
                        -21,
                        -15,
                        -14,
                        -10,
                        -3,
                        11,
                        19,
                        24
                    ]
                },
                "tag": "IncrementTx"
            },
            "postTxError": {
                "headId": "74f2ed384a0f753f8706e0a04103feb9",
                "tag": "InvalidHeadId"
            },
            "tag": "PostTxError"
        },
        {
            "message": {
                "tag": "ReqTx",
                "transaction": {
                    "id": -2,
                    "inputs": [
                        -29,
                        -27,
                        -26,
                        -25,
                        -24,
                        -18,
                        -14,
                        -11,
                        -8,
                        -7,
                        -6,
                        -4,
                        -3,
                        -1,
                        2,
                        4,
                        5,
                        6,
                        9,
                        17,
                        18,
                        20,
                        25,
                        27
                    ],
                    "outputs": [
                        -27,
                        -25,
                        -21,
                        -18,
                        -15,
                        -3,
                        -1,
                        0,
                        5,
                        6,
                        11,
                        14,
                        17,
                        20,
                        21,
                        22,
                        23,
                        25,
                        26,
                        30
                    ]
                }
            },
            "party": {
                "vkey": "61bac906d8f5fce531afcd9943c9fa393b6d08360179e8c448bdb84c08120562"
            },
            "tag": "NetworkEvent",
            "ttl": 30
        },
        {
            "message": {
                "commitRequester": {
                    "vkey": "bb5b6ecd49200eb2785b3aa1300e56ef9030138266a2f1feacb76b1d99ec6fdc"
                },
                "incrementUTxO": [
                    -29,
                    -28,
                    -22,
                    -21,
                    -17,
                    -12,
                    -9,
                    -1,
                    8,
                    9,
                    11,
                    13,
                    18
                ],
                "tag": "ReqInc"
            },
            "party": {
                "vkey": "24c701586ebf817540eab9169b9f53cc5b444f0ae68f2a8e4614f4d92fc38161"
            },
            "tag": "NetworkEvent",
            "ttl": 6
        },
        {
            "message": {
                "commitUTxO": [
                    -24,
                    -17,
                    -15,
                    -10,
                    -4,
                    -1,
                    4,
                    10,
                    18,
                    22,
                    23
                ],
                "decommitTx": {
                    "id": 9,
                    "inputs": [
                        -23,
                        -21,
                        -19,
                        -17,
                        -14,
                        -13,
                        -7,
                        0,
                        2,
                        4,
                        5,
                        16,
                        17,
                        19,
                        24,
                        26,
                        30
                    ],
                    "outputs": [
                        -27,
                        -17,
                        -16,
                        -14,
                        -11,
                        -9,
                        -3,
                        -1,
                        7,
                        22,
                        24,
                        26,
                        28
                    ]
                },
                "snapshotNumber": 17,
                "tag": "ReqSn",
                "transactionIds": [
                    1,
                    -30,
                    23,
                    4,
                    24,
                    2,
                    19,
                    4,
                    24,
                    30,
                    -23
                ]
            },
            "party": {
                "vkey": "6c1d4461d17a7672230bfddcd44e243331ca8abb19a54ea35b28c6046d7a1ac1"
            },
            "tag": "NetworkEvent",
            "ttl": 5
        },
        {
            "message": {
                "decommitRequester": {
                    "vkey": "928cc3b30d0f3d3f6e31d82c95ee98d06702affde1918c2d5d13177470598154"
                },
                "tag": "ReqDec",
                "transaction": {
                    "id": 4,
                    "inputs": [
                        -25,
                        -9,
                        6,
                        11,
                        24,
                        27,
                        30
                    ],
                    "outputs": [
                        -29,
                        -28,
                        -26,
                        -21,
                        -13,
                        -11,
                        -10,
                        -9,
                        -6,
                        -3,
                        -1,
                        1,
                        2,
                        5,
                        10,
                        13,
                        14,
                        15,
                        19,
                        22,
                        24,
                        26,
                        27
                    ]
                }
            },
            "party": {
                "vkey": "3a31af3b199ce0f7d1efda02534708c9cb969d018b5b09e16584c1b40f41ec47"
            },
            "tag": "NetworkEvent",
            "ttl": 27
        }
    ],
    "seed": 598034234
}