{
    "samples": [
        {
            "commitRequester": {
                "vkey": "42e78327e51e60892ba4da85ef88648752234d27c5315fc413a0e1bfce21b4e6"
            },
            "incrementUTxO": [
                -28,
                -19,
                -18,
                -17,
                -12,
                -10,
                -8,
                1,
                3,
                6,
                7,
                11,
                12,
                14,
                19,
                22,
                23,
                25,
                29
            ],
            "tag": "ReqInc"
        },
        {
            "decommitRequester": {
                "vkey": "31eb008ec9b806ac368ea4a20f7299dc9f8666812ceecdaf8536ab0caeddc05e"
            },
            "tag": "ReqDec",
            "transaction": {
                "id": 23,
                "inputs": [
                    -28,
                    -26,
                    -23,
                    -22,
                    -17,
                    -14,
                    -13,
                    -12,
                    -11,
                    -7,
                    -6,
                    -5,
                    -4,
                    -3,
                    10,
                    14,
                    16,
                    23
                ],
                "outputs": [
                    -18,
                    -17,
                    -15,
                    9,
                    11,
                    18,
                    29
                ]
            }
        },
        {
            "decommitRequester": {
                "vkey": "31f083f82abba654402c78c56e8b27aac9d1cef4a4d25d56e917c8b3a0cd0c3e"
            },
            "tag": "ReqDec",
            "transaction": {
                "id": 16,
                "inputs": [
                    -26,
                    -23,
                    -19,
                    -18,
                    -16,
                    -10,
                    -2,
                    2,
                    12,
                    16,
                    30
                ],
                "outputs": [
                    -20,
                    -6
                ]
            }
        },
        {
            "tag": "ReqTx",
            "transaction": {
                "id": 16,
                "inputs": [
                    -18,
                    -14,
                    0,
                    8,
                    11,
                    21,
                    25,
                    30
                ],
                "outputs": [
                    -28,
                    -20,
                    -19,
                    -18,
                    -7,
                    -4,
                    -2,
                    -1,
                    4,
                    7,
                    10,
                    13,
                    16,
                    18,
                    22,
                    23,
                    29
                ]
            }
        },
        {
            "commitUTxO": [
                -29,
                -28,
                -27,
                -26,
                -16,
                -13,
                -11,
                -9,
                -6,
                -5,
                6,
                8,
                11,
                12,
                24
            ],
            "decommitTx": {
                "id": 7,
                "inputs": [
                    -30,
                    -27,
                    -25,
                    -24,
                    -21,
                    -20,
                    -18,
                    -11,
                    -10,
                    -4,
                    -3,
                    2,
                    7,
                    14,
                    15,
                    16,
                    23,
                    25,
                    27
                ],
                "outputs": [
                    -30,
                    -27,
                    -16,
                    5,
                    8,
                    19,
                    26
                ]
            },
            "snapshotNumber": 11,
            "tag": "ReqSn",
            "transactionIds": [
                -29,
                2,
                21,
                24,
                -2,
                12,
                19,
                -25
            ]
        }
    ],
    "seed": -23364207
}